Archive member included to satisfy reference by file (symbol)

c:/st/stm32cubeide_1.4.0/stm32cubeide/plugins/com.st.stm32cube.ide.mcu.externaltools.gnu-tools-for-stm32.7-2018-q2-update.win32_1.4.0.202007081208/tools/bin/../lib/gcc/arm-none-eabi/7.3.1/../../../../arm-none-eabi/lib/thumb/v7e-m/fpv4-sp/hard\libc_nano.a(lib_a-errno.o)
                              Src/syscalls.o (__errno)
c:/st/stm32cubeide_1.4.0/stm32cubeide/plugins/com.st.stm32cube.ide.mcu.externaltools.gnu-tools-for-stm32.7-2018-q2-update.win32_1.4.0.202007081208/tools/bin/../lib/gcc/arm-none-eabi/7.3.1/../../../../arm-none-eabi/lib/thumb/v7e-m/fpv4-sp/hard\libc_nano.a(lib_a-exit.o)
                              c:/st/stm32cubeide_1.4.0/stm32cubeide/plugins/com.st.stm32cube.ide.mcu.externaltools.gnu-tools-for-stm32.7-2018-q2-update.win32_1.4.0.202007081208/tools/bin/../lib/gcc/arm-none-eabi/7.3.1/../../../../arm-none-eabi/lib/thumb/v7e-m/fpv4-sp/hard/crt0.o (exit)
c:/st/stm32cubeide_1.4.0/stm32cubeide/plugins/com.st.stm32cube.ide.mcu.externaltools.gnu-tools-for-stm32.7-2018-q2-update.win32_1.4.0.202007081208/tools/bin/../lib/gcc/arm-none-eabi/7.3.1/../../../../arm-none-eabi/lib/thumb/v7e-m/fpv4-sp/hard\libc_nano.a(lib_a-impure.o)
                              c:/st/stm32cubeide_1.4.0/stm32cubeide/plugins/com.st.stm32cube.ide.mcu.externaltools.gnu-tools-for-stm32.7-2018-q2-update.win32_1.4.0.202007081208/tools/bin/../lib/gcc/arm-none-eabi/7.3.1/../../../../arm-none-eabi/lib/thumb/v7e-m/fpv4-sp/hard\libc_nano.a(lib_a-exit.o) (_global_impure_ptr)
c:/st/stm32cubeide_1.4.0/stm32cubeide/plugins/com.st.stm32cube.ide.mcu.externaltools.gnu-tools-for-stm32.7-2018-q2-update.win32_1.4.0.202007081208/tools/bin/../lib/gcc/arm-none-eabi/7.3.1/../../../../arm-none-eabi/lib/thumb/v7e-m/fpv4-sp/hard\libc_nano.a(lib_a-init.o)
                              c:/st/stm32cubeide_1.4.0/stm32cubeide/plugins/com.st.stm32cube.ide.mcu.externaltools.gnu-tools-for-stm32.7-2018-q2-update.win32_1.4.0.202007081208/tools/bin/../lib/gcc/arm-none-eabi/7.3.1/../../../../arm-none-eabi/lib/thumb/v7e-m/fpv4-sp/hard/crt0.o (__libc_init_array)
c:/st/stm32cubeide_1.4.0/stm32cubeide/plugins/com.st.stm32cube.ide.mcu.externaltools.gnu-tools-for-stm32.7-2018-q2-update.win32_1.4.0.202007081208/tools/bin/../lib/gcc/arm-none-eabi/7.3.1/../../../../arm-none-eabi/lib/thumb/v7e-m/fpv4-sp/hard\libc_nano.a(lib_a-memcpy-stub.o)
                              Src/Services/FreeRTOS/Source/queue.o (memcpy)
c:/st/stm32cubeide_1.4.0/stm32cubeide/plugins/com.st.stm32cube.ide.mcu.externaltools.gnu-tools-for-stm32.7-2018-q2-update.win32_1.4.0.202007081208/tools/bin/../lib/gcc/arm-none-eabi/7.3.1/../../../../arm-none-eabi/lib/thumb/v7e-m/fpv4-sp/hard\libc_nano.a(lib_a-memset.o)
                              c:/st/stm32cubeide_1.4.0/stm32cubeide/plugins/com.st.stm32cube.ide.mcu.externaltools.gnu-tools-for-stm32.7-2018-q2-update.win32_1.4.0.202007081208/tools/bin/../lib/gcc/arm-none-eabi/7.3.1/../../../../arm-none-eabi/lib/thumb/v7e-m/fpv4-sp/hard/crt0.o (memset)

Allocating common symbols
Common symbol       size              file

Ultra_Sonic_Read    0xc               Src/Application/UltraSonic_Task/UltraSonic_Task.o

Discarded input sections

 .text          0x0000000000000000        0x0 c:/st/stm32cubeide_1.4.0/stm32cubeide/plugins/com.st.stm32cube.ide.mcu.externaltools.gnu-tools-for-stm32.7-2018-q2-update.win32_1.4.0.202007081208/tools/bin/../lib/gcc/arm-none-eabi/7.3.1/thumb/v7e-m/fpv4-sp/hard/crti.o
 .data          0x0000000000000000        0x0 c:/st/stm32cubeide_1.4.0/stm32cubeide/plugins/com.st.stm32cube.ide.mcu.externaltools.gnu-tools-for-stm32.7-2018-q2-update.win32_1.4.0.202007081208/tools/bin/../lib/gcc/arm-none-eabi/7.3.1/thumb/v7e-m/fpv4-sp/hard/crti.o
 .bss           0x0000000000000000        0x0 c:/st/stm32cubeide_1.4.0/stm32cubeide/plugins/com.st.stm32cube.ide.mcu.externaltools.gnu-tools-for-stm32.7-2018-q2-update.win32_1.4.0.202007081208/tools/bin/../lib/gcc/arm-none-eabi/7.3.1/thumb/v7e-m/fpv4-sp/hard/crti.o
 .data          0x0000000000000000        0x4 c:/st/stm32cubeide_1.4.0/stm32cubeide/plugins/com.st.stm32cube.ide.mcu.externaltools.gnu-tools-for-stm32.7-2018-q2-update.win32_1.4.0.202007081208/tools/bin/../lib/gcc/arm-none-eabi/7.3.1/thumb/v7e-m/fpv4-sp/hard/crtbegin.o
 .text          0x0000000000000000       0x74 c:/st/stm32cubeide_1.4.0/stm32cubeide/plugins/com.st.stm32cube.ide.mcu.externaltools.gnu-tools-for-stm32.7-2018-q2-update.win32_1.4.0.202007081208/tools/bin/../lib/gcc/arm-none-eabi/7.3.1/../../../../arm-none-eabi/lib/thumb/v7e-m/fpv4-sp/hard/crt0.o
 .data          0x0000000000000000        0x0 c:/st/stm32cubeide_1.4.0/stm32cubeide/plugins/com.st.stm32cube.ide.mcu.externaltools.gnu-tools-for-stm32.7-2018-q2-update.win32_1.4.0.202007081208/tools/bin/../lib/gcc/arm-none-eabi/7.3.1/../../../../arm-none-eabi/lib/thumb/v7e-m/fpv4-sp/hard/crt0.o
[...]
Memory Configuration

Name             Origin             Length             Attributes
RAM              0x0000000020000000 0x0000000000010000 xrw
ROM              0x0000000008000000 0x0000000000080000 xr
*default*        0x0000000000000000 0xffffffffffffffff

Linker script and memory map

LOAD c:/st/stm32cubeide_1.4.0/stm32cubeide/plugins/com.st.stm32cube.ide.mcu.externaltools.gnu-tools-for-stm32.7-2018-q2-update.win32_1.4.0.202007081208/tools/bin/../lib/gcc/arm-none-eabi/7.3.1/thumb/v7e-m/fpv4-sp/hard/crti.o
LOAD c:/st/stm32cubeide_1.4.0/stm32cubeide/plugins/com.st.stm32cube.ide.mcu.externaltools.gnu-tools-for-stm32.7-2018-q2-update.win32_1.4.0.202007081208/tools/bin/../lib/gcc/arm-none-eabi/7.3.1/thumb/v7e-m/fpv4-sp/hard/crtbegin.o
LOAD c:/st/stm32cubeide_1.4.0/stm32cubeide/plugins/com.st.stm32cube.ide.mcu.externaltools.gnu-tools-for-stm32.7-2018-q2-update.win32_1.4.0.202007081208/tools/bin/../lib/gcc/arm-none-eabi/7.3.1/../../../../arm-none-eabi/lib/thumb/v7e-m/fpv4-sp/hard/crt0.o
LOAD Src/Application/App_Task/App_Task.o
LOAD Src/Application/UltraSonic_Task/UltraSonic_Task.o
LOAD Src/Application/motor/Motor_Task.o
LOAD Src/HAL/LED/led.o
LOAD Src/HAL/Motor/src/motor.o
LOAD Src/HAL/UltraSonic/Src/ultrasonic.o
LOAD Src/MCAL/DMA/dma.o
LOAD Src/MCAL/ICU/Src/icu.o
LOAD Src/MCAL/PWM/Src/pwm.o
LOAD Src/MCAL/Tim6/TIM6.o
LOAD Src/MCAL/dio/src/dio.o
LOAD Src/MCAL/rcc/src/rcc.o
LOAD Src/Services/FreeRTOS/Source/croutine.o
LOAD Src/Services/FreeRTOS/Source/event_groups.o
LOAD Src/Services/FreeRTOS/Source/list.o
LOAD Src/Services/FreeRTOS/Source/queue.o
LOAD Src/Services/FreeRTOS/Source/stream_buffer.o
LOAD Src/Services/FreeRTOS/Source/tasks.o
LOAD Src/Services/FreeRTOS/Source/timers.o
LOAD Src/Services/FreeRTOS/Source/portable/GCC/ARM_CM4F/port.o
LOAD Src/Services/FreeRTOS/Source/portable/MemMang/heap_4.o
LOAD Src/main.o
LOAD Src/syscalls.o
LOAD Src/sysmem.o
LOAD Startup/startup_stm32f303retx.o
START GROUP
LOAD c:/st/stm32cubeide_1.4.0/stm32cubeide/plugins/com.st.stm32cube.ide.mcu.externaltools.gnu-tools-for-stm32.7-2018-q2-update.win32_1.4.0.202007081208/tools/bin/../lib/gcc/arm-none-eabi/7.3.1/../../../../arm-none-eabi/lib/thumb/v7e-m/fpv4-sp/hard\libc_nano.a
LOAD c:/st/stm32cubeide_1.4.0/stm32cubeide/plugins/com.st.stm32cube.ide.mcu.externaltools.gnu-tools-for-stm32.7-2018-q2-update.win32_1.4.0.202007081208/tools/bin/../lib/gcc/arm-none-eabi/7.3.1/../../../../arm-none-eabi/lib/thumb/v7e-m/fpv4-sp/hard\libm.a
END GROUP
START GROUP
LOAD c:/st/stm32cubeide_1.4.0/stm32cubeide/plugins/com.st.stm32cube.ide.mcu.externaltools.gnu-tools-for-stm32.7-2018-q2-update.win32_1.4.0.202007081208/tools/bin/../lib/gcc/arm-none-eabi/7.3.1/thumb/v7e-m/fpv4-sp/hard\libgcc.a
LOAD c:/st/stm32cubeide_1.4.0/stm32cubeide/plugins/com.st.stm32cube.ide.mcu.externaltools.gnu-tools-for-stm32.7-2018-q2-update.win32_1.4.0.202007081208/tools/bin/../lib/gcc/arm-none-eabi/7.3.1/../../../../arm-none-eabi/lib/thumb/v7e-m/fpv4-sp/hard\libc_nano.a
END GROUP
START GROUP
LOAD c:/st/stm32cubeide_1.4.0/stm32cubeide/plugins/com.st.stm32cube.ide.mcu.externaltools.gnu-tools-for-stm32.7-2018-q2-update.win32_1.4.0.202007081208/tools/bin/../lib/gcc/arm-none-eabi/7.3.1/thumb/v7e-m/fpv4-sp/hard\libgcc.a
LOAD c:/st/stm32cubeide_1.4.0/stm32cubeide/plugins/com.st.stm32cube.ide.mcu.externaltools.gnu-tools-for-stm32.7-2018-q2-update.win32_1.4.0.202007081208/tools/bin/../lib/gcc/arm-none-eabi/7.3.1/../../../../arm-none-eabi/lib/thumb/v7e-m/fpv4-sp/hard\libc_nano.a
LOAD c:/st/stm32cubeide_1.4.0/stm32cubeide/plugins/com.st.stm32cube.ide.mcu.externaltools.gnu-tools-for-stm32.7-2018-q2-update.win32_1.4.0.202007081208/tools/bin/../lib/gcc/arm-none-eabi/7.3.1/../../../../arm-none-eabi/lib/thumb/v7e-m/fpv4-sp/hard\libnosys.a
END GROUP
START GROUP
LOAD c:/st/stm32cubeide_1.4.0/stm32cubeide/plugins/com.st.stm32cube.ide.mcu.externaltools.gnu-tools-for-stm32.7-2018-q2-update.win32_1.4.0.202007081208/tools/bin/../lib/gcc/arm-none-eabi/7.3.1/thumb/v7e-m/fpv4-sp/hard\libgcc.a
LOAD c:/st/stm32cubeide_1.4.0/stm32cubeide/plugins/com.st.stm32cube.ide.mcu.externaltools.gnu-tools-for-stm32.7-2018-q2-update.win32_1.4.0.202007081208/tools/bin/../lib/gcc/arm-none-eabi/7.3.1/../../../../arm-none-eabi/lib/thumb/v7e-m/fpv4-sp/hard\libc_nano.a
LOAD c:/st/stm32cubeide_1.4.0/stm32cubeide/plugins/com.st.stm32cube.ide.mcu.externaltools.gnu-tools-for-stm32.7-2018-q2-update.win32_1.4.0.202007081208/tools/bin/../lib/gcc/arm-none-eabi/7.3.1/../../../../arm-none-eabi/lib/thumb/v7e-m/fpv4-sp/hard\libnosys.a
END GROUP
LOAD c:/st/stm32cubeide_1.4.0/stm32cubeide/plugins/com.st.stm32cube.ide.mcu.externaltools.gnu-tools-for-stm32.7-2018-q2-update.win32_1.4.0.202007081208/tools/bin/../lib/gcc/arm-none-eabi/7.3.1/thumb/v7e-m/fpv4-sp/hard/crtend.o
LOAD c:/st/stm32cubeide_1.4.0/stm32cubeide/plugins/com.st.stm32cube.ide.mcu.externaltools.gnu-tools-for-stm32.7-2018-q2-update.win32_1.4.0.202007081208/tools/bin/../lib/gcc/arm-none-eabi/7.3.1/thumb/v7e-m/fpv4-sp/hard/crtn.o
                0x0000000020010000                _estack = (ORIGIN (RAM) + LENGTH (RAM))
                0x0000000000000200                _Min_Heap_Size = 0x200
                0x0000000000000400                _Min_Stack_Size = 0x400

.isr_vector     0x0000000008000000      0x194
                0x0000000008000000                . = ALIGN (0x4)
 *(.isr_vector)
 .isr_vector    0x0000000008000000      0x194 Startup/startup_stm32f303retx.o
                0x0000000008000000                g_pfnVectors
                0x0000000008000194                . = ALIGN (0x4)

.text           0x00000000080001a0     0x4908
                0x00000000080001a0                . = ALIGN (0x4)
 *(.text)
 .text          0x00000000080001a0       0x40 c:/st/stm32cubeide_1.4.0/stm32cubeide/plugins/com.st.stm32cube.ide.mcu.externaltools.gnu-tools-for-stm32.7-2018-q2-update.win32_1.4.0.202007081208/tools/bin/../lib/gcc/arm-none-eabi/7.3.1/thumb/v7e-m/fpv4-sp/hard/crtbegin.o
 *(.text*)
 .text.App_init_Fun
                0x00000000080001e0       0x40 Src/Application/App_Task/App_Task.o
 .text.App_Search_Fun
                0x0000000008000220       0x9c Src/Application/App_Task/App_Task.o
 .text.App_Parking_Fun
                0x00000000080002bc       0xb8 Src/Application/App_Task/App_Task.o
 .text.App_IDLE_Fun
                0x0000000008000374        0xc Src/Application/App_Task/App_Task.o
 .text.App_Task
                0x0000000008000380       0x60 Src/Application/App_Task/App_Task.o
                0x0000000008000380                App_Task
 .text.channel_1_Trigger
                0x00000000080003e0       0x12 Src/Application/UltraSonic_Task/UltraSonic_Task.o
 *fill*         0x00000000080003f2        0x2 
 .text.channel_1_Read
                0x00000000080003f4       0x80 Src/Application/UltraSonic_Task/UltraSonic_Task.o
 .text.channel_2_Trigger
                0x0000000008000474       0x12 Src/Application/UltraSonic_Task/UltraSonic_Task.o
 *fill*         0x0000000008000486        0x2 
 .text.channel_2_Read
                0x0000000008000488       0x80 Src/Application/UltraSonic_Task/UltraSonic_Task.o
 .text.channel_3_Trigger
                0x0000000008000508       0x12 Src/Application/UltraSonic_Task/UltraSonic_Task.o
 *fill*         0x000000000800051a        0x2 
 .text.channel_3_Read
                0x000000000800051c       0x80 Src/Application/UltraSonic_Task/UltraSonic_Task.o
 .text.channel_4_Trigger
                0x000000000800059c       0x12 Src/Application/UltraSonic_Task/UltraSonic_Task.o
 *fill*         0x00000000080005ae        0x2 
 .text.channel_4_Read
                0x00000000080005b0       0x80 Src/Application/UltraSonic_Task/UltraSonic_Task.o
 .text.channel_5_Trigger
                0x0000000008000630       0x12 Src/Application/UltraSonic_Task/UltraSonic_Task.o
 *fill*         0x0000000008000642        0x2 
 .text.channel_5_Read
                0x0000000008000644       0x80 Src/Application/UltraSonic_Task/UltraSonic_Task.o
 .text.channel_6_Trigger
                0x00000000080006c4       0x12 Src/Application/UltraSonic_Task/UltraSonic_Task.o
 *fill*         0x00000000080006d6        0x2 
 .text.channel_6_Read
                0x00000000080006d8       0x80 Src/Application/UltraSonic_Task/UltraSonic_Task.o
 .text.Channel_1_MainFunction
                0x0000000008000758       0x1c Src/Application/UltraSonic_Task/UltraSonic_Task.o
 .text.Channel_2_MainFunction
                0x0000000008000774       0x1c Src/Application/UltraSonic_Task/UltraSonic_Task.o
 .text.Channel_3_MainFunction
                0x0000000008000790       0x1c Src/Application/UltraSonic_Task/UltraSonic_Task.o
 .text.Channel_4_MainFunction
                0x00000000080007ac       0x1c Src/Application/UltraSonic_Task/UltraSonic_Task.o
 .text.Channel_5_MainFunction
                0x00000000080007c8       0x1c Src/Application/UltraSonic_Task/UltraSonic_Task.o
 .text.Channel_6_MainFunction
                0x00000000080007e4       0x1c Src/Application/UltraSonic_Task/UltraSonic_Task.o
 .text.UltraSonic_Read_Task
                0x0000000008000800       0x80 Src/Application/UltraSonic_Task/UltraSonic_Task.o
                0x0000000008000800                UltraSonic_Read_Task
 .text.Motor_init
                0x0000000008000880       0x30 Src/Application/motor/Motor_Task.o
 .text.Motor_GoForward
                0x00000000080008b0       0x84 Src/Application/motor/Motor_Task.o
 .text.Motor_GoBackward
                0x0000000008000934       0x84 Src/Application/motor/Motor_Task.o
 .text.Motor_GoRight
                0x00000000080009b8       0x84 Src/Application/motor/Motor_Task.o
 .text.Motor_GoLeft
                0x0000000008000a3c       0x84 Src/Application/motor/Motor_Task.o
 .text.Motor_GoBackRight
                0x0000000008000ac0       0x84 Src/Application/motor/Motor_Task.o
 .text.Motor_GoBackLeft
                0x0000000008000b44       0x84 Src/Application/motor/Motor_Task.o
 .text.Motor_stop
                0x0000000008000bc8       0x48 Src/Application/motor/Motor_Task.o
 .text.Motor_Task
                0x0000000008000c10       0x8c Src/Application/motor/Motor_Task.o
                0x0000000008000c10                Motor_Task
 .text.LED_Init
                0x0000000008000c9c       0x1c Src/HAL/LED/led.o
                0x0000000008000c9c                LED_Init
 .text.LED_ON   0x0000000008000cb8       0x12 Src/HAL/LED/led.o
                0x0000000008000cb8                LED_ON
 .text.DcMotor_Init
                0x0000000008000cca       0x74 Src/HAL/Motor/src/motor.o
                0x0000000008000cca                DcMotor_Init
 .text.DcMotor_Rotate
                0x0000000008000d3e       0x9c Src/HAL/Motor/src/motor.o
                0x0000000008000d3e                DcMotor_Rotate
 *fill*         0x0000000008000dda        0x2 
 .text.Ultrasonic_init
                0x0000000008000ddc      0x22c Src/HAL/UltraSonic/Src/ultrasonic.o
                0x0000000008000ddc                Ultrasonic_init
 .text.Ultrasonic_Trigger
                0x0000000008001008       0x50 Src/HAL/UltraSonic/Src/ultrasonic.o
                0x0000000008001008                Ultrasonic_Trigger
 .text.Ultrasonic_readDistance
                0x0000000008001058       0xb0 Src/HAL/UltraSonic/Src/ultrasonic.o
                0x0000000008001058                Ultrasonic_readDistance
 .text.DMA_Start
                0x0000000008001108      0x534 Src/MCAL/DMA/dma.o
                0x0000000008001108                DMA_Start
 .text.ICU_Init
                0x000000000800163c       0xa4 Src/MCAL/ICU/Src/icu.o
                0x000000000800163c                ICU_Init
 .text.ICU_Control
                0x00000000080016e0       0xa4 Src/MCAL/ICU/Src/icu.o
                0x00000000080016e0                ICU_Control
 .text.ICU_SelectEdge
                0x0000000008001784      0x268 Src/MCAL/ICU/Src/icu.o
                0x0000000008001784                ICU_SelectEdge
 .text.ICU_INT_CheckStatus
                0x00000000080019ec      0x108 Src/MCAL/ICU/Src/icu.o
                0x00000000080019ec                ICU_INT_CheckStatus
 .text.ICU_INT_Enable
                0x0000000008001af4      0x128 Src/MCAL/ICU/Src/icu.o
                0x0000000008001af4                ICU_INT_Enable
 .text.TIM8_CC_IRQHandler
                0x0000000008001c1c       0x8c Src/MCAL/ICU/Src/icu.o
                0x0000000008001c1c                TIM8_CC_IRQHandler
 .text.TIM1_CC_IRQHandler
                0x0000000008001ca8       0x8c Src/MCAL/ICU/Src/icu.o
                0x0000000008001ca8                TIM1_CC_IRQHandler
 .text.PWM_Init
                0x0000000008001d34       0xa8 Src/MCAL/PWM/Src/pwm.o
                0x0000000008001d34                PWM_Init
 .text.PWM_Start
                0x0000000008001ddc      0x100 Src/MCAL/PWM/Src/pwm.o
                0x0000000008001ddc                PWM_Start
 .text.TIM6_Init
                0x0000000008001edc       0x44 Src/MCAL/Tim6/TIM6.o
                0x0000000008001edc                TIM6_Init
 .text.TIM6_Delay
                0x0000000008001f20       0x58 Src/MCAL/Tim6/TIM6.o
                0x0000000008001f20                TIM6_Delay
 .text.DIO_setupPinMode
                0x0000000008001f78      0x1b8 Src/MCAL/dio/src/dio.o
                0x0000000008001f78                DIO_setupPinMode
 .text.DIO_writePin
                0x0000000008002130      0x228 Src/MCAL/dio/src/dio.o
                0x0000000008002130                DIO_writePin
 .text.DIO_setAlternateFunction
                0x0000000008002358      0x358 Src/MCAL/dio/src/dio.o
                0x0000000008002358                DIO_setAlternateFunction
 .text.rcc_setSystemClk
                0x00000000080026b0       0xa8 Src/MCAL/rcc/src/rcc.o
                0x00000000080026b0                rcc_setSystemClk
 .text.rcc_enablePeriClk
                0x0000000008002758       0x7c Src/MCAL/rcc/src/rcc.o
                0x0000000008002758                rcc_enablePeriClk
 .text.vListInitialise
                0x00000000080027d4       0x40 Src/Services/FreeRTOS/Source/list.o
                0x00000000080027d4                vListInitialise
 .text.vListInitialiseItem
                0x0000000008002814       0x1a Src/Services/FreeRTOS/Source/list.o
                0x0000000008002814                vListInitialiseItem
 .text.vListInsert
                0x000000000800282e       0x72 Src/Services/FreeRTOS/Source/list.o
                0x000000000800282e                vListInsert
 .text.uxListRemove
                0x00000000080028a0       0x54 Src/Services/FreeRTOS/Source/list.o
                0x00000000080028a0                uxListRemove
 .text.xQueueGenericReset
                0x00000000080028f4      0x10c Src/Services/FreeRTOS/Source/queue.o
                0x00000000080028f4                xQueueGenericReset
 .text.xQueueGenericCreate
                0x0000000008002a00       0xa6 Src/Services/FreeRTOS/Source/queue.o
                0x0000000008002a00                xQueueGenericCreate
 .text.prvInitialiseNewQueue
                0x0000000008002aa6       0x3e Src/Services/FreeRTOS/Source/queue.o
 .text.xQueueReceive
                0x0000000008002ae4      0x1a4 Src/Services/FreeRTOS/Source/queue.o
                0x0000000008002ae4                xQueueReceive
 .text.prvCopyDataFromQueue
                0x0000000008002c88       0x4c Src/Services/FreeRTOS/Source/queue.o
 .text.prvUnlockQueue
                0x0000000008002cd4       0xa4 Src/Services/FreeRTOS/Source/queue.o
 .text.prvIsQueueEmpty
                0x0000000008002d78       0x2c Src/Services/FreeRTOS/Source/queue.o
 .text.vQueueWaitForMessageRestricted
                0x0000000008002da4       0x68 Src/Services/FreeRTOS/Source/queue.o
                0x0000000008002da4                vQueueWaitForMessageRestricted
 .text.xTaskCreate
                0x0000000008002e0c       0x8c Src/Services/FreeRTOS/Source/tasks.o
                0x0000000008002e0c                xTaskCreate
 .text.prvInitialiseNewTask
                0x0000000008002e98      0x108 Src/Services/FreeRTOS/Source/tasks.o
 .text.prvAddNewTaskToReadyList
                0x0000000008002fa0      0x108 Src/Services/FreeRTOS/Source/tasks.o
 .text.xTaskDelayUntil
                0x00000000080030a8       0xf8 Src/Services/FreeRTOS/Source/tasks.o
                0x00000000080030a8                xTaskDelayUntil
 .text.vTaskDelay
                0x00000000080031a0       0x68 Src/Services/FreeRTOS/Source/tasks.o
                0x00000000080031a0                vTaskDelay
 .text.vTaskStartScheduler
                0x0000000008003208       0xa0 Src/Services/FreeRTOS/Source/tasks.o
                0x0000000008003208                vTaskStartScheduler
 .text.vTaskSuspendAll
                0x00000000080032a8       0x1c Src/Services/FreeRTOS/Source/tasks.o
                0x00000000080032a8                vTaskSuspendAll
 .text.xTaskResumeAll
                0x00000000080032c4      0x1d8 Src/Services/FreeRTOS/Source/tasks.o
                0x00000000080032c4                xTaskResumeAll
 .text.xTaskGetTickCount
                0x000000000800349c       0x20 Src/Services/FreeRTOS/Source/tasks.o
                0x000000000800349c                xTaskGetTickCount
 .text.xTaskIncrementTick
                0x00000000080034bc      0x1e4 Src/Services/FreeRTOS/Source/tasks.o
                0x00000000080034bc                xTaskIncrementTick
 .text.vTaskSwitchContext
                0x00000000080036a0       0xb4 Src/Services/FreeRTOS/Source/tasks.o
                0x00000000080036a0                vTaskSwitchContext
 .text.vTaskPlaceOnEventList
                0x0000000008003754       0x48 Src/Services/FreeRTOS/Source/tasks.o
                0x0000000008003754                vTaskPlaceOnEventList
 .text.vTaskPlaceOnEventListRestricted
                0x000000000800379c       0x88 Src/Services/FreeRTOS/Source/tasks.o
                0x000000000800379c                vTaskPlaceOnEventListRestricted
 .text.xTaskRemoveFromEventList
                0x0000000008003824      0x1ac Src/Services/FreeRTOS/Source/tasks.o
                0x0000000008003824                xTaskRemoveFromEventList
 .text.vTaskInternalSetTimeOutState
                0x00000000080039d0       0x2c Src/Services/FreeRTOS/Source/tasks.o
                0x00000000080039d0                vTaskInternalSetTimeOutState
 .text.xTaskCheckForTimeOut
                0x00000000080039fc       0xb8 Src/Services/FreeRTOS/Source/tasks.o
                0x00000000080039fc                xTaskCheckForTimeOut
 .text.vTaskMissedYield
                0x0000000008003ab4       0x18 Src/Services/FreeRTOS/Source/tasks.o
                0x0000000008003ab4                vTaskMissedYield
 .text.prvIdleTask
                0x0000000008003acc       0x24 Src/Services/FreeRTOS/Source/tasks.o
 .text.prvInitialiseTaskLists
                0x0000000008003af0       0x6c Src/Services/FreeRTOS/Source/tasks.o
 .text.prvCheckTasksWaitingTermination
                0x0000000008003b5c        0xe Src/Services/FreeRTOS/Source/tasks.o
 *fill*         0x0000000008003b6a        0x2 
 .text.prvResetNextTaskUnblockTime
                0x0000000008003b6c       0x38 Src/Services/FreeRTOS/Source/tasks.o
 .text.xTaskGetSchedulerState
                0x0000000008003ba4       0x3c Src/Services/FreeRTOS/Source/tasks.o
                0x0000000008003ba4                xTaskGetSchedulerState
 .text.prvAddCurrentTaskToDelayedList
                0x0000000008003be0       0xa8 Src/Services/FreeRTOS/Source/tasks.o
 .text.xTimerCreateTimerTask
                0x0000000008003c88       0x60 Src/Services/FreeRTOS/Source/timers.o
                0x0000000008003c88                xTimerCreateTimerTask
 .text.prvReloadTimer
                0x0000000008003ce8       0x40 Src/Services/FreeRTOS/Source/timers.o
 .text.prvProcessExpiredTimer
                0x0000000008003d28       0x60 Src/Services/FreeRTOS/Source/timers.o
 .text.prvTimerTask
                0x0000000008003d88       0x24 Src/Services/FreeRTOS/Source/timers.o
 .text.prvProcessTimerOrBlockTask
                0x0000000008003dac       0x9c Src/Services/FreeRTOS/Source/timers.o
 .text.prvGetNextExpireTime
                0x0000000008003e48       0x48 Src/Services/FreeRTOS/Source/timers.o
 .text.prvSampleTimeNow
                0x0000000008003e90       0x40 Src/Services/FreeRTOS/Source/timers.o
 .text.prvInsertTimerInActiveList
                0x0000000008003ed0       0x84 Src/Services/FreeRTOS/Source/timers.o
 .text.prvProcessReceivedCommands
                0x0000000008003f54      0x178 Src/Services/FreeRTOS/Source/timers.o
 .text.prvSwitchTimerLists
                0x00000000080040cc       0x4c Src/Services/FreeRTOS/Source/timers.o
 .text.prvCheckForValidListAndQueue
                0x0000000008004118       0x54 Src/Services/FreeRTOS/Source/timers.o
 .text.pxPortInitialiseStack
                0x000000000800416c       0x68 Src/Services/FreeRTOS/Source/portable/GCC/ARM_CM4F/port.o
                0x000000000800416c                pxPortInitialiseStack
 .text.prvTaskExitError
                0x00000000080041d4       0x54 Src/Services/FreeRTOS/Source/portable/GCC/ARM_CM4F/port.o
 *fill*         0x0000000008004228        0x8 
 .text.SVC_Handler
                0x0000000008004230       0x28 Src/Services/FreeRTOS/Source/portable/GCC/ARM_CM4F/port.o
                0x0000000008004230                SVC_Handler
 .text.prvPortStartFirstTask
                0x0000000008004258       0x2c Src/Services/FreeRTOS/Source/portable/GCC/ARM_CM4F/port.o
 .text.xPortStartScheduler
                0x0000000008004284      0x13c Src/Services/FreeRTOS/Source/portable/GCC/ARM_CM4F/port.o
                0x0000000008004284                xPortStartScheduler
 .text.vPortEnterCritical
                0x00000000080043c0       0x5c Src/Services/FreeRTOS/Source/portable/GCC/ARM_CM4F/port.o
                0x00000000080043c0                vPortEnterCritical
 .text.vPortExitCritical
                0x000000000800441c       0x50 Src/Services/FreeRTOS/Source/portable/GCC/ARM_CM4F/port.o
                0x000000000800441c                vPortExitCritical
 *fill*         0x000000000800446c        0x4 
 .text.PendSV_Handler
                0x0000000008004470       0x68 Src/Services/FreeRTOS/Source/portable/GCC/ARM_CM4F/port.o
                0x0000000008004470                PendSV_Handler
 .text.SysTick_Handler
                0x00000000080044d8       0x40 Src/Services/FreeRTOS/Source/portable/GCC/ARM_CM4F/port.o
                0x00000000080044d8                SysTick_Handler
 .text.vPortSetupTimerInterrupt
                0x0000000008004518       0x34 Src/Services/FreeRTOS/Source/portable/GCC/ARM_CM4F/port.o
                0x0000000008004518                vPortSetupTimerInterrupt
 .text.vPortEnableVFP
                0x000000000800454c       0x18 Src/Services/FreeRTOS/Source/portable/GCC/ARM_CM4F/port.o
 .text.pvPortMalloc
                0x0000000008004564      0x170 Src/Services/FreeRTOS/Source/portable/MemMang/heap_4.o
                0x0000000008004564                pvPortMalloc
 .text.vPortFree
                0x00000000080046d4       0xb4 Src/Services/FreeRTOS/Source/portable/MemMang/heap_4.o
                0x00000000080046d4                vPortFree
 .text.prvHeapInit
                0x0000000008004788       0xb8 Src/Services/FreeRTOS/Source/portable/MemMang/heap_4.o
 .text.prvInsertBlockIntoFreeList
                0x0000000008004840       0xb4 Src/Services/FreeRTOS/Source/portable/MemMang/heap_4.o
 .text.main     0x00000000080048f4       0x78 Src/main.o
                0x00000000080048f4                main
 .text.Sytem_Init
                0x000000000800496c       0x60 Src/main.o
                0x000000000800496c                Sytem_Init
 .text.Reset_Handler
                0x00000000080049cc       0x50 Startup/startup_stm32f303retx.o
                0x00000000080049cc                Reset_Handler
 .text.Default_Handler
                0x0000000008004a1c        0x2 Startup/startup_stm32f303retx.o
                0x0000000008004a1c                TIM8_TRG_COM_IRQHandler
                0x0000000008004a1c                DebugMon_Handler
                0x0000000008004a1c                DMA1_CH4_IRQHandler
                0x0000000008004a1c                SPI4_IRQHandler
                0x0000000008004a1c                HardFault_Handler
                0x0000000008004a1c                USB_HP_IRQHandler
                0x0000000008004a1c                I2C2_EV_EXTI24_IRQHandler
                0x0000000008004a1c                USB_WKUP_EXTI_IRQHandler
                0x0000000008004a1c                PVD_IRQHandler
                0x0000000008004a1c                UART4_EXTI34_IRQHandler
                0x0000000008004a1c                TAMP_STAMP_IRQHandler
                0x0000000008004a1c                NMI_Handler
                0x0000000008004a1c                EXTI3_IRQHandler
                0x0000000008004a1c                I2C3_ER_IRQHandler
                0x0000000008004a1c                TIM6_DACUNDER_IRQHandler
                0x0000000008004a1c                USB_HP_CAN_TX_IRQHandler
                0x0000000008004a1c                EXTI0_IRQHandler
                0x0000000008004a1c                DMA2_CH1_IRQHandler
                0x0000000008004a1c                FPU_IRQHandler
                0x0000000008004a1c                TIM1_UP_TIM16_IRQHandler
                0x0000000008004a1c                UsageFault_Handler
                0x0000000008004a1c                ADC1_2_IRQHandler
                0x0000000008004a1c                SPI1_IRQHandler
                0x0000000008004a1c                CAN_SCE_IRQHandler
                0x0000000008004a1c                DMA1_CH7_IRQHandler
                0x0000000008004a1c                TIM8_UP_IRQHandler
                0x0000000008004a1c                COMP456_IRQHandler
                0x0000000008004a1c                DMA1_CH6_IRQHandler
                0x0000000008004a1c                TIM20_TRG_COM_IRQHandler
                0x0000000008004a1c                ADC3_IRQHandler
                0x0000000008004a1c                TIM4_IRQHandler
                0x0000000008004a1c                CAN_RX1_IRQHandler
                0x0000000008004a1c                USART1_EXTI25_IRQHandler
                0x0000000008004a1c                DMA2_CH5_IRQHandler
                0x0000000008004a1c                I2C1_EV_EXTI23_IRQHandler
                0x0000000008004a1c                DMA1_CH3_IRQHandler
                0x0000000008004a1c                TIM3_IRQHandler
                0x0000000008004a1c                RCC_IRQHandler
                0x0000000008004a1c                TIM20_UP_IRQHandler
                0x0000000008004a1c                Default_Handler
                0x0000000008004a1c                EXTI15_10_IRQHandler
                0x0000000008004a1c                USART2_EXTI26_IRQHandler
                0x0000000008004a1c                USART3_EXTI28_IRQHandler
                0x0000000008004a1c                TIM7_IRQHandler
                0x0000000008004a1c                I2C3_EV_IRQHandler
                0x0000000008004a1c                EXTI9_5_IRQHandler
                0x0000000008004a1c                DMA1_CH2_IRQHandler
                0x0000000008004a1c                RTC_WKUP_IRQHandler
                0x0000000008004a1c                SPI2_IRQHandler
                0x0000000008004a1c                DMA1_CH1_IRQHandler
                0x0000000008004a1c                USB_LP_CAN_RX0_IRQHandler
                0x0000000008004a1c                MemManage_Handler
                0x0000000008004a1c                COMP123_IRQHandler
                0x0000000008004a1c                USB_LP_IRQHandler
                0x0000000008004a1c                EXTI4_IRQHandler
                0x0000000008004a1c                TIM1_TRG_COM_TIM17_IRQHandler
                0x0000000008004a1c                ADC4_IRQHandler
                0x0000000008004a1c                WWDG_IRQHandler
                0x0000000008004a1c                TIM2_IRQHandler
                0x0000000008004a1c                COMP7_IRQHandler
                0x0000000008004a1c                EXTI1_IRQHandler
                0x0000000008004a1c                RTCAlarm_IRQHandler
                0x0000000008004a1c                UART5_EXTI35_IRQHandler
                0x0000000008004a1c                TIM20_BRK_IRQHandler
                0x0000000008004a1c                I2C2_ER_IRQHandler
                0x0000000008004a1c                TIM8_BRK_IRQHandler
                0x0000000008004a1c                FLASH_IRQHandler
                0x0000000008004a1c                TIM20_CC_IRQHandler
                0x0000000008004a1c                BusFault_Handler
                0x0000000008004a1c                SPI3_IRQHandler
                0x0000000008004a1c                DMA2_CH3_IRQHandler
                0x0000000008004a1c                DMA2_CH2_IRQHandler
                0x0000000008004a1c                I2C1_ER_IRQHandler
                0x0000000008004a1c                FMC_IRQHandler
                0x0000000008004a1c                DMA1_CH5_IRQHandler
                0x0000000008004a1c                DMA2_CH4_IRQHandler
                0x0000000008004a1c                USB_WKUP_IRQHandler
                0x0000000008004a1c                EXTI2_TSC_IRQHandler
                0x0000000008004a1c                TIM1_BRK_TIM15_IRQHandler
 *fill*         0x0000000008004a1e        0x2 
 .text.__libc_init_array
                0x0000000008004a20       0x48 c:/st/stm32cubeide_1.4.0/stm32cubeide/plugins/com.st.stm32cube.ide.mcu.externaltools.gnu-tools-for-stm32.7-2018-q2-update.win32_1.4.0.202007081208/tools/bin/../lib/gcc/arm-none-eabi/7.3.1/../../../../arm-none-eabi/lib/thumb/v7e-m/fpv4-sp/hard\libc_nano.a(lib_a-init.o)
                0x0000000008004a20                __libc_init_array
 .text.memcpy   0x0000000008004a68       0x16 c:/st/stm32cubeide_1.4.0/stm32cubeide/plugins/com.st.stm32cube.ide.mcu.externaltools.gnu-tools-for-stm32.7-2018-q2-update.win32_1.4.0.202007081208/tools/bin/../lib/gcc/arm-none-eabi/7.3.1/../../../../arm-none-eabi/lib/thumb/v7e-m/fpv4-sp/hard\libc_nano.a(lib_a-memcpy-stub.o)
                0x0000000008004a68                memcpy
 .text.memset   0x0000000008004a7e       0x10 c:/st/stm32cubeide_1.4.0/stm32cubeide/plugins/com.st.stm32cube.ide.mcu.externaltools.gnu-tools-for-stm32.7-2018-q2-update.win32_1.4.0.202007081208/tools/bin/../lib/gcc/arm-none-eabi/7.3.1/../../../../arm-none-eabi/lib/thumb/v7e-m/fpv4-sp/hard\libc_nano.a(lib_a-memset.o)
                0x0000000008004a7e                memset
 *(.glue_7)
 .glue_7        0x0000000008004a8e        0x0 linker stubs
 *(.glue_7t)
 .glue_7t       0x0000000008004a8e        0x0 linker stubs
 *(.eh_frame)
 *fill*         0x0000000008004a8e        0x2 
 .eh_frame      0x0000000008004a90        0x0 c:/st/stm32cubeide_1.4.0/stm32cubeide/plugins/com.st.stm32cube.ide.mcu.externaltools.gnu-tools-for-stm32.7-2018-q2-update.win32_1.4.0.202007081208/tools/bin/../lib/gcc/arm-none-eabi/7.3.1/thumb/v7e-m/fpv4-sp/hard/crtbegin.o
 *(.init)
 .init          0x0000000008004a90        0x4 c:/st/stm32cubeide_1.4.0/stm32cubeide/plugins/com.st.stm32cube.ide.mcu.externaltools.gnu-tools-for-stm32.7-2018-q2-update.win32_1.4.0.202007081208/tools/bin/../lib/gcc/arm-none-eabi/7.3.1/thumb/v7e-m/fpv4-sp/hard/crti.o
                0x0000000008004a90                _init
 .init          0x0000000008004a94        0x8 c:/st/stm32cubeide_1.4.0/stm32cubeide/plugins/com.st.stm32cube.ide.mcu.externaltools.gnu-tools-for-stm32.7-2018-q2-update.win32_1.4.0.202007081208/tools/bin/../lib/gcc/arm-none-eabi/7.3.1/thumb/v7e-m/fpv4-sp/hard/crtn.o
 *(.fini)
 .fini          0x0000000008004a9c        0x4 c:/st/stm32cubeide_1.4.0/stm32cubeide/plugins/com.st.stm32cube.ide.mcu.externaltools.gnu-tools-for-stm32.7-2018-q2-update.win32_1.4.0.202007081208/tools/bin/../lib/gcc/arm-none-eabi/7.3.1/thumb/v7e-m/fpv4-sp/hard/crti.o
                0x0000000008004a9c                _fini
 .fini          0x0000000008004aa0        0x8 c:/st/stm32cubeide_1.4.0/stm32cubeide/plugins/com.st.stm32cube.ide.mcu.externaltools.gnu-tools-for-stm32.7-2018-q2-update.win32_1.4.0.202007081208/tools/bin/../lib/gcc/arm-none-eabi/7.3.1/thumb/v7e-m/fpv4-sp/hard/crtn.o
                0x0000000008004aa8                . = ALIGN (0x4)
                0x0000000008004aa8                _etext = .

.vfp11_veneer   0x0000000008004aa8        0x0
 .vfp11_veneer  0x0000000008004aa8        0x0 linker stubs

.v4_bx          0x0000000008004aa8        0x0
 .v4_bx         0x0000000008004aa8        0x0 linker stubs

.iplt           0x0000000008004aa8        0x0
 .iplt          0x0000000008004aa8        0x0 c:/st/stm32cubeide_1.4.0/stm32cubeide/plugins/com.st.stm32cube.ide.mcu.externaltools.gnu-tools-for-stm32.7-2018-q2-update.win32_1.4.0.202007081208/tools/bin/../lib/gcc/arm-none-eabi/7.3.1/thumb/v7e-m/fpv4-sp/hard/crtbegin.o

.rodata         0x0000000008004aa8       0x38
                0x0000000008004aa8                . = ALIGN (0x4)
 *(.rodata)
 .rodata        0x0000000008004aa8        0x5 Src/Services/FreeRTOS/Source/tasks.o
 *fill*         0x0000000008004aad        0x3 
 .rodata        0x0000000008004ab0        0x8 Src/Services/FreeRTOS/Source/timers.o
 .rodata        0x0000000008004ab8       0x25 Src/main.o
 *(.rodata*)
                0x0000000008004ae0                . = ALIGN (0x4)
 *fill*         0x0000000008004add        0x3 

.rel.dyn        0x0000000008004ae0        0x0
 .rel.iplt      0x0000000008004ae0        0x0 c:/st/stm32cubeide_1.4.0/stm32cubeide/plugins/com.st.stm32cube.ide.mcu.externaltools.gnu-tools-for-stm32.7-2018-q2-update.win32_1.4.0.202007081208/tools/bin/../lib/gcc/arm-none-eabi/7.3.1/thumb/v7e-m/fpv4-sp/hard/crtbegin.o

.ARM.extab      0x0000000008004ae0        0x0
                0x0000000008004ae0                . = ALIGN (0x4)
 *(.ARM.extab* .gnu.linkonce.armextab.*)
                0x0000000008004ae0                . = ALIGN (0x4)

.ARM            0x0000000008004ae0        0x0
                0x0000000008004ae0                . = ALIGN (0x4)
                0x0000000008004ae0                __exidx_start = .
 *(.ARM.exidx*)
                0x0000000008004ae0                __exidx_end = .
                0x0000000008004ae0                . = ALIGN (0x4)

.preinit_array  0x0000000008004ae0        0x0
                0x0000000008004ae0                . = ALIGN (0x4)
                0x0000000008004ae0                PROVIDE (__preinit_array_start = .)
 *(.preinit_array*)
                0x0000000008004ae0                PROVIDE (__preinit_array_end = .)
                0x0000000008004ae0                . = ALIGN (0x4)

.init_array     0x0000000008004ae0        0x4
                0x0000000008004ae0                . = ALIGN (0x4)
                0x0000000008004ae0                PROVIDE (__init_array_start = .)
 *(SORT_BY_NAME(.init_array.*))
 *(.init_array*)
 .init_array    0x0000000008004ae0        0x4 c:/st/stm32cubeide_1.4.0/stm32cubeide/plugins/com.st.stm32cube.ide.mcu.externaltools.gnu-tools-for-stm32.7-2018-q2-update.win32_1.4.0.202007081208/tools/bin/../lib/gcc/arm-none-eabi/7.3.1/thumb/v7e-m/fpv4-sp/hard/crtbegin.o
                0x0000000008004ae4                PROVIDE (__init_array_end = .)
                0x0000000008004ae4                . = ALIGN (0x4)

.fini_array     0x0000000008004ae4        0x4
                0x0000000008004ae4                . = ALIGN (0x4)
                [!provide]                        PROVIDE (__fini_array_start = .)
 *(SORT_BY_NAME(.fini_array.*))
 *(.fini_array*)
 .fini_array    0x0000000008004ae4        0x4 c:/st/stm32cubeide_1.4.0/stm32cubeide/plugins/com.st.stm32cube.ide.mcu.externaltools.gnu-tools-for-stm32.7-2018-q2-update.win32_1.4.0.202007081208/tools/bin/../lib/gcc/arm-none-eabi/7.3.1/thumb/v7e-m/fpv4-sp/hard/crtbegin.o
                [!provide]                        PROVIDE (__fini_array_end = .)
                0x0000000008004ae8                . = ALIGN (0x4)
                0x0000000008004ae8                _sidata = LOADADDR (.data)

.data           0x0000000020000000       0x48 load address 0x0000000008004ae8
                0x0000000020000000                . = ALIGN (0x4)
                0x0000000020000000                _sdata = .
 *(.data)
 *(.data*)
 .data.UltraSonic_state
                0x0000000020000000        0x1 Src/Application/UltraSonic_Task/UltraSonic_Task.o
                0x0000000020000000                UltraSonic_state
 *fill*         0x0000000020000001        0x3 
 .data.Motor_FR
                0x0000000020000004        0x8 Src/Application/motor/Motor_Task.o
                0x0000000020000004                Motor_FR
 .data.Motor_BR
                0x000000002000000c        0x8 Src/Application/motor/Motor_Task.o
                0x000000002000000c                Motor_BR
 .data.Motor_FL
                0x0000000020000014        0x8 Src/Application/motor/Motor_Task.o
                0x0000000020000014                Motor_FL
 .data.Motor_BL
                0x000000002000001c        0x8 Src/Application/motor/Motor_Task.o
                0x000000002000001c                Motor_BL
 .data.PWM_SPEED
                0x0000000020000024        0x1 Src/Application/motor/Motor_Task.o
                0x0000000020000024                PWM_SPEED
 *fill*         0x0000000020000025        0x1 
 .data.distance.5598
                0x0000000020000026        0x2 Src/HAL/UltraSonic/Src/ultrasonic.o
 .data.Channel_1_CLB_Ptr
                0x0000000020000028        0x4 Src/MCAL/ICU/Src/icu.o
 .data.Channel_2_CLB_Ptr
                0x000000002000002c        0x4 Src/MCAL/ICU/Src/icu.o
 .data.Channel_3_CLB_Ptr
                0x0000000020000030        0x4 Src/MCAL/ICU/Src/icu.o
 .data.Channel_4_CLB_Ptr
                0x0000000020000034        0x4 Src/MCAL/ICU/Src/icu.o
 .data.Channel_5_CLB_Ptr
                0x0000000020000038        0x4 Src/MCAL/ICU/Src/icu.o
 .data.Channel_6_CLB_Ptr
                0x000000002000003c        0x4 Src/MCAL/ICU/Src/icu.o
 .data.uxTopUsedPriority
                0x0000000020000040        0x4 Src/Services/FreeRTOS/Source/tasks.o
                0x0000000020000040                uxTopUsedPriority
 .data.uxCriticalNesting
                0x0000000020000044        0x4 Src/Services/FreeRTOS/Source/portable/GCC/ARM_CM4F/port.o
                0x0000000020000048                . = ALIGN (0x4)
                0x0000000020000048                _edata = .

.igot.plt       0x0000000020000048        0x0 load address 0x0000000008004b30
 .igot.plt      0x0000000020000048        0x0 c:/st/stm32cubeide_1.4.0/stm32cubeide/plugins/com.st.stm32cube.ide.mcu.externaltools.gnu-tools-for-stm32.7-2018-q2-update.win32_1.4.0.202007081208/tools/bin/../lib/gcc/arm-none-eabi/7.3.1/thumb/v7e-m/fpv4-sp/hard/crtbegin.o
                0x0000000020000048                . = ALIGN (0x4)

.bss            0x0000000020000048     0x5190 load address 0x0000000008004b30
                0x0000000020000048                _sbss = .
                0x0000000020000048                __bss_start__ = _sbss
 *(.bss)
 .bss           0x0000000020000048       0x1c c:/st/stm32cubeide_1.4.0/stm32cubeide/plugins/com.st.stm32cube.ide.mcu.externaltools.gnu-tools-for-stm32.7-2018-q2-update.win32_1.4.0.202007081208/tools/bin/../lib/gcc/arm-none-eabi/7.3.1/thumb/v7e-m/fpv4-sp/hard/crtbegin.o
 *(.bss*)
 .bss.App_mode  0x0000000020000064        0x1 Src/Application/App_Task/App_Task.o
 .bss.Motion_State
                0x0000000020000065        0x1 Src/Application/App_Task/App_Task.o
 .bss.CH1_index
                0x0000000020000066        0x1 Src/Application/UltraSonic_Task/UltraSonic_Task.o
 .bss.CH2_index
                0x0000000020000067        0x1 Src/Application/UltraSonic_Task/UltraSonic_Task.o
 .bss.CH3_index
                0x0000000020000068        0x1 Src/Application/UltraSonic_Task/UltraSonic_Task.o
 .bss.CH4_index
                0x0000000020000069        0x1 Src/Application/UltraSonic_Task/UltraSonic_Task.o
 .bss.CH5_index
                0x000000002000006a        0x1 Src/Application/UltraSonic_Task/UltraSonic_Task.o
 .bss.CH6_index
                0x000000002000006b        0x1 Src/Application/UltraSonic_Task/UltraSonic_Task.o
 .bss.CH1_arr   0x000000002000006c        0x4 Src/Application/UltraSonic_Task/UltraSonic_Task.o
 .bss.CH2_arr   0x0000000020000070        0x4 Src/Application/UltraSonic_Task/UltraSonic_Task.o
 .bss.CH3_arr   0x0000000020000074        0x4 Src/Application/UltraSonic_Task/UltraSonic_Task.o
 .bss.CH4_arr   0x0000000020000078        0x4 Src/Application/UltraSonic_Task/UltraSonic_Task.o
 .bss.CH5_arr   0x000000002000007c        0x4 Src/Application/UltraSonic_Task/UltraSonic_Task.o
 .bss.CH6_arr   0x0000000020000080        0x4 Src/Application/UltraSonic_Task/UltraSonic_Task.o
 .bss.Motor_mode
                0x0000000020000084        0x1 Src/Application/motor/Motor_Task.o
                0x0000000020000084                Motor_mode
 *fill*         0x0000000020000085        0x1 
 .bss.t1        0x0000000020000086        0x2 Src/HAL/UltraSonic/Src/ultrasonic.o
 .bss.t2        0x0000000020000088        0x2 Src/HAL/UltraSonic/Src/ultrasonic.o
 .bss.UltraSonic_Channel
                0x000000002000008a        0x1 Src/HAL/UltraSonic/Src/ultrasonic.o
 *fill*         0x000000002000008b        0x1 
 .bss.arr       0x000000002000008c        0x4 Src/HAL/UltraSonic/Src/ultrasonic.o
 .bss.last_read.5600
                0x0000000020000090        0x2 Src/HAL/UltraSonic/Src/ultrasonic.o
 *fill*         0x0000000020000092        0x2 
 .bss.pxCurrentTCB
                0x0000000020000094        0x4 Src/Services/FreeRTOS/Source/tasks.o
                0x0000000020000094                pxCurrentTCB
 .bss.pxReadyTasksLists
                0x0000000020000098       0x64 Src/Services/FreeRTOS/Source/tasks.o
 .bss.xDelayedTaskList1
                0x00000000200000fc       0x14 Src/Services/FreeRTOS/Source/tasks.o
 .bss.xDelayedTaskList2
                0x0000000020000110       0x14 Src/Services/FreeRTOS/Source/tasks.o
 .bss.pxDelayedTaskList
                0x0000000020000124        0x4 Src/Services/FreeRTOS/Source/tasks.o
 .bss.pxOverflowDelayedTaskList
                0x0000000020000128        0x4 Src/Services/FreeRTOS/Source/tasks.o
 .bss.xPendingReadyList
                0x000000002000012c       0x14 Src/Services/FreeRTOS/Source/tasks.o
 .bss.uxCurrentNumberOfTasks
                0x0000000020000140        0x4 Src/Services/FreeRTOS/Source/tasks.o
 .bss.xTickCount
                0x0000000020000144        0x4 Src/Services/FreeRTOS/Source/tasks.o
 .bss.uxTopReadyPriority
                0x0000000020000148        0x4 Src/Services/FreeRTOS/Source/tasks.o
 .bss.xSchedulerRunning
                0x000000002000014c        0x4 Src/Services/FreeRTOS/Source/tasks.o
 .bss.xPendedTicks
                0x0000000020000150        0x4 Src/Services/FreeRTOS/Source/tasks.o
 .bss.xYieldPending
                0x0000000020000154        0x4 Src/Services/FreeRTOS/Source/tasks.o
 .bss.xNumOfOverflows
                0x0000000020000158        0x4 Src/Services/FreeRTOS/Source/tasks.o
 .bss.uxTaskNumber
                0x000000002000015c        0x4 Src/Services/FreeRTOS/Source/tasks.o
 .bss.xNextTaskUnblockTime
                0x0000000020000160        0x4 Src/Services/FreeRTOS/Source/tasks.o
 .bss.xIdleTaskHandle
                0x0000000020000164        0x4 Src/Services/FreeRTOS/Source/tasks.o
 .bss.uxSchedulerSuspended
                0x0000000020000168        0x4 Src/Services/FreeRTOS/Source/tasks.o
 .bss.xActiveTimerList1
                0x000000002000016c       0x14 Src/Services/FreeRTOS/Source/timers.o
 .bss.xActiveTimerList2
                0x0000000020000180       0x14 Src/Services/FreeRTOS/Source/timers.o
 .bss.pxCurrentTimerList
                0x0000000020000194        0x4 Src/Services/FreeRTOS/Source/timers.o
 .bss.pxOverflowTimerList
                0x0000000020000198        0x4 Src/Services/FreeRTOS/Source/timers.o
 .bss.xTimerQueue
                0x000000002000019c        0x4 Src/Services/FreeRTOS/Source/timers.o
 .bss.xTimerTaskHandle
                0x00000000200001a0        0x4 Src/Services/FreeRTOS/Source/timers.o
 .bss.xLastTime.6731
                0x00000000200001a4        0x4 Src/Services/FreeRTOS/Source/timers.o
 .bss.ucMaxSysCallPriority
                0x00000000200001a8        0x1 Src/Services/FreeRTOS/Source/portable/GCC/ARM_CM4F/port.o
 *fill*         0x00000000200001a9        0x3 
 .bss.ulMaxPRIGROUPValue
                0x00000000200001ac        0x4 Src/Services/FreeRTOS/Source/portable/GCC/ARM_CM4F/port.o
 .bss.ucHeap    0x00000000200001b0     0x5000 Src/Services/FreeRTOS/Source/portable/MemMang/heap_4.o
 .bss.xStart    0x00000000200051b0        0x8 Src/Services/FreeRTOS/Source/portable/MemMang/heap_4.o
 .bss.pxEnd     0x00000000200051b8        0x4 Src/Services/FreeRTOS/Source/portable/MemMang/heap_4.o
 .bss.xFreeBytesRemaining
                0x00000000200051bc        0x4 Src/Services/FreeRTOS/Source/portable/MemMang/heap_4.o
 .bss.xMinimumEverFreeBytesRemaining
                0x00000000200051c0        0x4 Src/Services/FreeRTOS/Source/portable/MemMang/heap_4.o
 .bss.xNumberOfSuccessfulAllocations
                0x00000000200051c4        0x4 Src/Services/FreeRTOS/Source/portable/MemMang/heap_4.o
 .bss.xNumberOfSuccessfulFrees
                0x00000000200051c8        0x4 Src/Services/FreeRTOS/Source/portable/MemMang/heap_4.o
 *(COMMON)
 COMMON         0x00000000200051cc        0xc Src/Application/UltraSonic_Task/UltraSonic_Task.o
                0x00000000200051cc                Ultra_Sonic_Read
                0x00000000200051d8                . = ALIGN (0x4)
                0x00000000200051d8                _ebss = .
                0x00000000200051d8                __bss_end__ = _ebss

._user_heap_stack
                0x00000000200051d8      0x600 load address 0x0000000008004b30
                0x00000000200051d8                . = ALIGN (0x8)
                [!provide]                        PROVIDE (end = .)
                0x00000000200051d8                PROVIDE (_end = .)
                0x00000000200053d8                . = (. + _Min_Heap_Size)
 *fill*         0x00000000200051d8      0x200 
                0x00000000200057d8                . = (. + _Min_Stack_Size)
 *fill*         0x00000000200053d8      0x400 
                0x00000000200057d8                . = ALIGN (0x8)

/DISCARD/
 libc.a(*)
 libm.a(*)
 libgcc.a(*)

.ARM.attributes
                0x0000000000000000       0x30
 *(.ARM.attributes)
 .ARM.attributes
                0x0000000000000000       0x22 c:/st/stm32cubeide_1.4.0/stm32cubeide/plugins/com.st.stm32cube.ide.mcu.externaltools.gnu-tools-for-stm32.7-2018-q2-update.win32_1.4.0.202007081208/tools/bin/../lib/gcc/arm-none-eabi/7.3.1/thumb/v7e-m/fpv4-sp/hard/crti.o
 .ARM.attributes
                0x0000000000000022       0x34 c:/st/stm32cubeide_1.4.0/stm32cubeide/plugins/com.st.stm32cube.ide.mcu.externaltools.gnu-tools-for-stm32.7-2018-q2-update.win32_1.4.0.202007081208/tools/bin/../lib/gcc/arm-none-eabi/7.3.1/thumb/v7e-m/fpv4-sp/hard/crtbegin.o
 .ARM.attributes
                0x0000000000000056       0x39 Src/Application/App_Task/App_Task.o
 .ARM.attributes
                0x000000000000008f       0x39 Src/Application/UltraSonic_Task/UltraSonic_Task.o
 .ARM.attributes
                0x00000000000000c8       0x39 Src/Application/motor/Motor_Task.o
 .ARM.attributes
                0x0000000000000101       0x39 Src/HAL/LED/led.o
 .ARM.attributes
                0x000000000000013a       0x39 Src/HAL/Motor/src/motor.o
 .ARM.attributes
                0x0000000000000173       0x39 Src/HAL/UltraSonic/Src/ultrasonic.o
 .ARM.attributes
                0x00000000000001ac       0x39 Src/MCAL/DMA/dma.o
 .ARM.attributes
                0x00000000000001e5       0x39 Src/MCAL/ICU/Src/icu.o
 .ARM.attributes
                0x000000000000021e       0x39 Src/MCAL/PWM/Src/pwm.o
 .ARM.attributes
                0x0000000000000257       0x39 Src/MCAL/Tim6/TIM6.o
 .ARM.attributes
                0x0000000000000290       0x39 Src/MCAL/dio/src/dio.o
 .ARM.attributes
                0x00000000000002c9       0x39 Src/MCAL/rcc/src/rcc.o
 .ARM.attributes
                0x0000000000000302       0x39 Src/Services/FreeRTOS/Source/list.o
 .ARM.attributes
                0x000000000000033b       0x39 Src/Services/FreeRTOS/Source/queue.o
 .ARM.attributes
                0x0000000000000374       0x39 Src/Services/FreeRTOS/Source/tasks.o
 .ARM.attributes
                0x00000000000003ad       0x39 Src/Services/FreeRTOS/Source/timers.o
 .ARM.attributes
                0x00000000000003e6       0x39 Src/Services/FreeRTOS/Source/portable/GCC/ARM_CM4F/port.o
 .ARM.attributes
                0x000000000000041f       0x39 Src/Services/FreeRTOS/Source/portable/MemMang/heap_4.o
 .ARM.attributes
                0x0000000000000458       0x39 Src/main.o
 .ARM.attributes
                0x0000000000000491       0x21 Startup/startup_stm32f303retx.o
 .ARM.attributes
                0x00000000000004b2       0x34 c:/st/stm32cubeide_1.4.0/stm32cubeide/plugins/com.st.stm32cube.ide.mcu.externaltools.gnu-tools-for-stm32.7-2018-q2-update.win32_1.4.0.202007081208/tools/bin/../lib/gcc/arm-none-eabi/7.3.1/../../../../arm-none-eabi/lib/thumb/v7e-m/fpv4-sp/hard\libc_nano.a(lib_a-init.o)
 .ARM.attributes
                0x00000000000004e6       0x34 c:/st/stm32cubeide_1.4.0/stm32cubeide/plugins/com.st.stm32cube.ide.mcu.externaltools.gnu-tools-for-stm32.7-2018-q2-update.win32_1.4.0.202007081208/tools/bin/../lib/gcc/arm-none-eabi/7.3.1/../../../../arm-none-eabi/lib/thumb/v7e-m/fpv4-sp/hard\libc_nano.a(lib_a-memcpy-stub.o)
 .ARM.attributes
                0x000000000000051a       0x34 c:/st/stm32cubeide_1.4.0/stm32cubeide/plugins/com.st.stm32cube.ide.mcu.externaltools.gnu-tools-for-stm32.7-2018-q2-update.win32_1.4.0.202007081208/tools/bin/../lib/gcc/arm-none-eabi/7.3.1/../../../../arm-none-eabi/lib/thumb/v7e-m/fpv4-sp/hard\libc_nano.a(lib_a-memset.o)
 .ARM.attributes
                0x000000000000054e       0x22 c:/st/stm32cubeide_1.4.0/stm32cubeide/plugins/com.st.stm32cube.ide.mcu.externaltools.gnu-tools-for-stm32.7-2018-q2-update.win32_1.4.0.202007081208/tools/bin/../lib/gcc/arm-none-eabi/7.3.1/thumb/v7e-m/fpv4-sp/hard/crtn.o
OUTPUT(SelfParking_NTI.elf elf32-littlearm)

.debug_info     0x0000000000000000     0x951a
 .debug_info    0x0000000000000000      0x29a Src/Application/App_Task/App_Task.o
 .debug_info    0x000000000000029a      0x498 Src/Application/UltraSonic_Task/UltraSonic_Task.o
 .debug_info    0x0000000000000732      0x3d7 Src/Application/motor/Motor_Task.o
 .debug_info    0x0000000000000b09      0x181 Src/HAL/LED/led.o
 .debug_info    0x0000000000000c8a      0x251 Src/HAL/Motor/src/motor.o
 .debug_info    0x0000000000000edb      0x4c6 Src/HAL/UltraSonic/Src/ultrasonic.o
 .debug_info    0x00000000000013a1      0x2bd Src/MCAL/DMA/dma.o
 .debug_info    0x000000000000165e      0x2e7 Src/MCAL/ICU/Src/icu.o
 .debug_info    0x0000000000001945      0x122 Src/MCAL/PWM/Src/pwm.o
 .debug_info    0x0000000000001a67       0xb1 Src/MCAL/Tim6/TIM6.o
 .debug_info    0x0000000000001b18      0x444 Src/MCAL/dio/src/dio.o
 .debug_info    0x0000000000001f5c      0x151 Src/MCAL/rcc/src/rcc.o
 .debug_info    0x00000000000020ad      0xac0 Src/Services/FreeRTOS/Source/list.o
 .debug_info    0x0000000000002b6d     0x1cc9 Src/Services/FreeRTOS/Source/queue.o
 .debug_info    0x0000000000004836     0x2457 Src/Services/FreeRTOS/Source/tasks.o
 .debug_info    0x0000000000006c8d     0x1404 Src/Services/FreeRTOS/Source/timers.o
 .debug_info    0x0000000000008091      0x528 Src/Services/FreeRTOS/Source/portable/GCC/ARM_CM4F/port.o
 .debug_info    0x00000000000085b9      0xcfe Src/Services/FreeRTOS/Source/portable/MemMang/heap_4.o
 .debug_info    0x00000000000092b7      0x241 Src/main.o
 .debug_info    0x00000000000094f8       0x22 Startup/startup_stm32f303retx.o

.debug_abbrev   0x0000000000000000     0x1a2d
 .debug_abbrev  0x0000000000000000       0xef Src/Application/App_Task/App_Task.o
 .debug_abbrev  0x00000000000000ef      0x10d Src/Application/UltraSonic_Task/UltraSonic_Task.o
 .debug_abbrev  0x00000000000001fc      0x11f Src/Application/motor/Motor_Task.o
 .debug_abbrev  0x000000000000031b       0x54 Src/HAL/LED/led.o
 .debug_abbrev  0x000000000000036f       0xda Src/HAL/Motor/src/motor.o
 .debug_abbrev  0x0000000000000449      0x126 Src/HAL/UltraSonic/Src/ultrasonic.o
 .debug_abbrev  0x000000000000056f       0xe4 Src/MCAL/DMA/dma.o
 .debug_abbrev  0x0000000000000653      0x122 Src/MCAL/ICU/Src/icu.o
 .debug_abbrev  0x0000000000000775       0xb1 Src/MCAL/PWM/Src/pwm.o
 .debug_abbrev  0x0000000000000826       0x70 Src/MCAL/Tim6/TIM6.o
 .debug_abbrev  0x0000000000000896       0xf6 Src/MCAL/dio/src/dio.o
 .debug_abbrev  0x000000000000098c       0xa0 Src/MCAL/rcc/src/rcc.o
 .debug_abbrev  0x0000000000000a2c      0x1cf Src/Services/FreeRTOS/Source/list.o
 .debug_abbrev  0x0000000000000bfb      0x2b7 Src/Services/FreeRTOS/Source/queue.o
 .debug_abbrev  0x0000000000000eb2      0x31c Src/Services/FreeRTOS/Source/tasks.o
 .debug_abbrev  0x00000000000011ce      0x29d Src/Services/FreeRTOS/Source/timers.o
 .debug_abbrev  0x000000000000146b      0x1ff Src/Services/FreeRTOS/Source/portable/GCC/ARM_CM4F/port.o
 .debug_abbrev  0x000000000000166a      0x2ba Src/Services/FreeRTOS/Source/portable/MemMang/heap_4.o
 .debug_abbrev  0x0000000000001924       0xf7 Src/main.o
 .debug_abbrev  0x0000000000001a1b       0x12 Startup/startup_stm32f303retx.o

.debug_aranges  0x0000000000000000      0x7e0
 .debug_aranges
                0x0000000000000000       0x40 Src/Application/App_Task/App_Task.o
 .debug_aranges
                0x0000000000000040       0xb0 Src/Application/UltraSonic_Task/UltraSonic_Task.o
 .debug_aranges
                0x00000000000000f0       0x60 Src/Application/motor/Motor_Task.o
 .debug_aranges
                0x0000000000000150       0x30 Src/HAL/LED/led.o
 .debug_aranges
                0x0000000000000180       0x28 Src/HAL/Motor/src/motor.o
 .debug_aranges
                0x00000000000001a8       0x30 Src/HAL/UltraSonic/Src/ultrasonic.o
 .debug_aranges
                0x00000000000001d8       0x20 Src/MCAL/DMA/dma.o
 .debug_aranges
                0x00000000000001f8       0x60 Src/MCAL/ICU/Src/icu.o
 .debug_aranges
                0x0000000000000258       0x40 Src/MCAL/PWM/Src/pwm.o
 .debug_aranges
                0x0000000000000298       0x28 Src/MCAL/Tim6/TIM6.o
 .debug_aranges
                0x00000000000002c0       0x48 Src/MCAL/dio/src/dio.o
 .debug_aranges
                0x0000000000000308       0x30 Src/MCAL/rcc/src/rcc.o
 .debug_aranges
                0x0000000000000338       0x40 Src/Services/FreeRTOS/Source/list.o
 .debug_aranges
                0x0000000000000378       0xe8 Src/Services/FreeRTOS/Source/queue.o
 .debug_aranges
                0x0000000000000460      0x178 Src/Services/FreeRTOS/Source/tasks.o
 .debug_aranges
                0x00000000000005d8       0xd8 Src/Services/FreeRTOS/Source/timers.o
 .debug_aranges
                0x00000000000006b0       0x80 Src/Services/FreeRTOS/Source/portable/GCC/ARM_CM4F/port.o
 .debug_aranges
                0x0000000000000730       0x60 Src/Services/FreeRTOS/Source/portable/MemMang/heap_4.o
 .debug_aranges
                0x0000000000000790       0x28 Src/main.o
 .debug_aranges
                0x00000000000007b8       0x28 Startup/startup_stm32f303retx.o

.debug_ranges   0x0000000000000000      0x6a8
 .debug_ranges  0x0000000000000000       0x30 Src/Application/App_Task/App_Task.o
 .debug_ranges  0x0000000000000030       0xa0 Src/Application/UltraSonic_Task/UltraSonic_Task.o
 .debug_ranges  0x00000000000000d0       0x50 Src/Application/motor/Motor_Task.o
 .debug_ranges  0x0000000000000120       0x20 Src/HAL/LED/led.o
 .debug_ranges  0x0000000000000140       0x18 Src/HAL/Motor/src/motor.o
 .debug_ranges  0x0000000000000158       0x20 Src/HAL/UltraSonic/Src/ultrasonic.o
 .debug_ranges  0x0000000000000178       0x10 Src/MCAL/DMA/dma.o
 .debug_ranges  0x0000000000000188       0x50 Src/MCAL/ICU/Src/icu.o
 .debug_ranges  0x00000000000001d8       0x30 Src/MCAL/PWM/Src/pwm.o
 .debug_ranges  0x0000000000000208       0x18 Src/MCAL/Tim6/TIM6.o
 .debug_ranges  0x0000000000000220       0x38 Src/MCAL/dio/src/dio.o
 .debug_ranges  0x0000000000000258       0x20 Src/MCAL/rcc/src/rcc.o
 .debug_ranges  0x0000000000000278       0x30 Src/Services/FreeRTOS/Source/list.o
 .debug_ranges  0x00000000000002a8       0xd8 Src/Services/FreeRTOS/Source/queue.o
 .debug_ranges  0x0000000000000380      0x168 Src/Services/FreeRTOS/Source/tasks.o
 .debug_ranges  0x00000000000004e8       0xc8 Src/Services/FreeRTOS/Source/timers.o
 .debug_ranges  0x00000000000005b0       0x70 Src/Services/FreeRTOS/Source/portable/GCC/ARM_CM4F/port.o
 .debug_ranges  0x0000000000000620       0x50 Src/Services/FreeRTOS/Source/portable/MemMang/heap_4.o
 .debug_ranges  0x0000000000000670       0x18 Src/main.o
 .debug_ranges  0x0000000000000688       0x20 Startup/startup_stm32f303retx.o

.debug_macro    0x0000000000000000     0x3d30
 .debug_macro   0x0000000000000000      0x1d8 Src/Application/App_Task/App_Task.o
 .debug_macro   0x00000000000001d8      0xa66 Src/Application/App_Task/App_Task.o
 .debug_macro   0x0000000000000c3e       0x1c Src/Application/App_Task/App_Task.o
 .debug_macro   0x0000000000000c5a      0x299 Src/Application/App_Task/App_Task.o
 .debug_macro   0x0000000000000ef3       0x10 Src/Application/App_Task/App_Task.o
 .debug_macro   0x0000000000000f03      0x1c6 Src/Application/App_Task/App_Task.o
 .debug_macro   0x00000000000010c9       0x16 Src/Application/App_Task/App_Task.o
 .debug_macro   0x00000000000010df       0x34 Src/Application/App_Task/App_Task.o
 .debug_macro   0x0000000000001113      0x13c Src/Application/App_Task/App_Task.o
 .debug_macro   0x000000000000124f       0xb2 Src/Application/App_Task/App_Task.o
 .debug_macro   0x0000000000001301       0x10 Src/Application/App_Task/App_Task.o
 .debug_macro   0x0000000000001311       0x94 Src/Application/App_Task/App_Task.o
 .debug_macro   0x00000000000013a5       0xdc Src/Application/App_Task/App_Task.o
 .debug_macro   0x0000000000001481       0x16 Src/Application/App_Task/App_Task.o
 .debug_macro   0x0000000000001497       0x28 Src/Application/App_Task/App_Task.o
 .debug_macro   0x00000000000014bf      0x174 Src/Application/App_Task/App_Task.o
 .debug_macro   0x0000000000001633       0x22 Src/Application/App_Task/App_Task.o
 .debug_macro   0x0000000000001655       0x8e Src/Application/App_Task/App_Task.o
 .debug_macro   0x00000000000016e3       0x51 Src/Application/App_Task/App_Task.o
 .debug_macro   0x0000000000001734       0xef Src/Application/App_Task/App_Task.o
 .debug_macro   0x0000000000001823       0x6a Src/Application/App_Task/App_Task.o
 .debug_macro   0x000000000000188d      0x1df Src/Application/App_Task/App_Task.o
 .debug_macro   0x0000000000001a6c      0x10c Src/Application/App_Task/App_Task.o
 .debug_macro   0x0000000000001b78      0x15a Src/Application/App_Task/App_Task.o
 .debug_macro   0x0000000000001cd2       0xea Src/Application/App_Task/App_Task.o
 .debug_macro   0x0000000000001dbc       0x28 Src/Application/App_Task/App_Task.o
 .debug_macro   0x0000000000001de4       0x1f Src/Application/App_Task/App_Task.o
 .debug_macro   0x0000000000001e03       0x12 Src/Application/App_Task/App_Task.o
 .debug_macro   0x0000000000001e15      0x534 Src/Application/App_Task/App_Task.o
 .debug_macro   0x0000000000002349       0xc3 Src/Application/App_Task/App_Task.o
 .debug_macro   0x000000000000240c      0x120 Src/Application/App_Task/App_Task.o
 .debug_macro   0x000000000000252c      0x1a1 Src/Application/UltraSonic_Task/UltraSonic_Task.o
 .debug_macro   0x00000000000026cd      0x11e Src/Application/motor/Motor_Task.o
 .debug_macro   0x00000000000027eb       0x46 Src/HAL/LED/led.o
 .debug_macro   0x0000000000002831       0x7b Src/HAL/Motor/src/motor.o
 .debug_macro   0x00000000000028ac       0x4c Src/HAL/Motor/src/motor.o
 .debug_macro   0x00000000000028f8       0xda Src/HAL/UltraSonic/Src/ultrasonic.o
 .debug_macro   0x00000000000029d2       0x46 Src/MCAL/DMA/dma.o
 .debug_macro   0x0000000000002a18       0x8e Src/MCAL/DMA/dma.o
 .debug_macro   0x0000000000002aa6       0x54 Src/MCAL/ICU/Src/icu.o
 .debug_macro   0x0000000000002afa       0x45 Src/MCAL/PWM/Src/pwm.o
 .debug_macro   0x0000000000002b3f       0x45 Src/MCAL/Tim6/TIM6.o
 .debug_macro   0x0000000000002b84       0x2e Src/MCAL/Tim6/TIM6.o
 .debug_macro   0x0000000000002bb2       0x49 Src/MCAL/dio/src/dio.o
 .debug_macro   0x0000000000002bfb       0x53 Src/MCAL/rcc/src/rcc.o
 .debug_macro   0x0000000000002c4e      0x1c0 Src/MCAL/rcc/src/rcc.o
 .debug_macro   0x0000000000002e0e      0x18b Src/Services/FreeRTOS/Source/list.o
 .debug_macro   0x0000000000002f99      0x222 Src/Services/FreeRTOS/Source/queue.o
 .debug_macro   0x00000000000031bb       0x16 Src/Services/FreeRTOS/Source/queue.o
 .debug_macro   0x00000000000031d1       0x35 Src/Services/FreeRTOS/Source/queue.o
 .debug_macro   0x0000000000003206       0x20 Src/Services/FreeRTOS/Source/queue.o
 .debug_macro   0x0000000000003226       0x80 Src/Services/FreeRTOS/Source/queue.o
 .debug_macro   0x00000000000032a6      0x271 Src/Services/FreeRTOS/Source/tasks.o
 .debug_macro   0x0000000000003517       0x17 Src/Services/FreeRTOS/Source/tasks.o
 .debug_macro   0x000000000000352e      0x1da Src/Services/FreeRTOS/Source/timers.o
 .debug_macro   0x0000000000003708       0x97 Src/Services/FreeRTOS/Source/timers.o
 .debug_macro   0x000000000000379f      0x1a7 Src/Services/FreeRTOS/Source/portable/GCC/ARM_CM4F/port.o
 .debug_macro   0x0000000000003946      0x20c Src/Services/FreeRTOS/Source/portable/MemMang/heap_4.o
 .debug_macro   0x0000000000003b52      0x1de Src/main.o

.debug_line     0x0000000000000000     0x73f2
 .debug_line    0x0000000000000000      0x94e Src/Application/App_Task/App_Task.o
 .debug_line    0x000000000000094e      0x991 Src/Application/UltraSonic_Task/UltraSonic_Task.o
 .debug_line    0x00000000000012df      0x724 Src/Application/motor/Motor_Task.o
 .debug_line    0x0000000000001a03      0x10d Src/HAL/LED/led.o
 .debug_line    0x0000000000001b10      0x20d Src/HAL/Motor/src/motor.o
 .debug_line    0x0000000000001d1d      0x332 Src/HAL/UltraSonic/Src/ultrasonic.o
 .debug_line    0x000000000000204f       0xf9 Src/MCAL/DMA/dma.o
 .debug_line    0x0000000000002148      0x282 Src/MCAL/ICU/Src/icu.o
 .debug_line    0x00000000000023ca      0x194 Src/MCAL/PWM/Src/pwm.o
 .debug_line    0x000000000000255e      0x115 Src/MCAL/Tim6/TIM6.o
 .debug_line    0x0000000000002673      0x24e Src/MCAL/dio/src/dio.o
 .debug_line    0x00000000000028c1      0x152 Src/MCAL/rcc/src/rcc.o
 .debug_line    0x0000000000002a13      0x6ca Src/Services/FreeRTOS/Source/list.o
 .debug_line    0x00000000000030dd      0xf50 Src/Services/FreeRTOS/Source/queue.o
 .debug_line    0x000000000000402d     0x10d9 Src/Services/FreeRTOS/Source/tasks.o
 .debug_line    0x0000000000005106      0xa1c Src/Services/FreeRTOS/Source/timers.o
 .debug_line    0x0000000000005b22      0x73f Src/Services/FreeRTOS/Source/portable/GCC/ARM_CM4F/port.o
 .debug_line    0x0000000000006261      0x82a Src/Services/FreeRTOS/Source/portable/MemMang/heap_4.o
 .debug_line    0x0000000000006a8b      0x8e3 Src/main.o
 .debug_line    0x000000000000736e       0x84 Startup/startup_stm32f303retx.o

.debug_str      0x0000000000000000    0x144de
 .debug_str     0x0000000000000000     0xc58f Src/Application/App_Task/App_Task.o
                                       0xc7a5 (size before relaxing)
 .debug_str     0x000000000000c58f      0x296 Src/Application/UltraSonic_Task/UltraSonic_Task.o
                                       0xc73a (size before relaxing)
 .debug_str     0x000000000000c825      0x192 Src/Application/motor/Motor_Task.o
                                       0xae92 (size before relaxing)
 .debug_str     0x000000000000c9b7       0x73 Src/HAL/LED/led.o
                                       0x4a32 (size before relaxing)
 .debug_str     0x000000000000ca2a      0x3c2 Src/HAL/Motor/src/motor.o
                                       0x531d (size before relaxing)
 .debug_str     0x000000000000cdec      0x1cb Src/HAL/UltraSonic/Src/ultrasonic.o
                                       0x6437 (size before relaxing)
 .debug_str     0x000000000000cfb7       0x5f Src/MCAL/DMA/dma.o
                                       0x316c (size before relaxing)
 .debug_str     0x000000000000d016      0x147 Src/MCAL/ICU/Src/icu.o
                                       0x3cb1 (size before relaxing)
 .debug_str     0x000000000000d15d       0x81 Src/MCAL/PWM/Src/pwm.o
                                       0x3690 (size before relaxing)
 .debug_str     0x000000000000d1de      0x204 Src/MCAL/Tim6/TIM6.o
                                       0x34aa (size before relaxing)
 .debug_str     0x000000000000d3e2      0x118 Src/MCAL/dio/src/dio.o
                                       0x4ca1 (size before relaxing)
 .debug_str     0x000000000000d4fa       0x82 Src/MCAL/rcc/src/rcc.o
                                       0x350f (size before relaxing)
 .debug_str     0x000000000000d57c     0x313e Src/Services/FreeRTOS/Source/list.o
                                       0xaebe (size before relaxing)
 .debug_str     0x00000000000106ba     0x1166 Src/Services/FreeRTOS/Source/queue.o
                                       0xd254 (size before relaxing)
 .debug_str     0x0000000000011820     0x18ba Src/Services/FreeRTOS/Source/tasks.o
                                       0xdb33 (size before relaxing)
 .debug_str     0x00000000000130da      0x52a Src/Services/FreeRTOS/Source/timers.o
                                       0xd58d (size before relaxing)
 .debug_str     0x0000000000013604      0x85f Src/Services/FreeRTOS/Source/portable/GCC/ARM_CM4F/port.o
                                       0x9889 (size before relaxing)
 .debug_str     0x0000000000013e63      0x5e0 Src/Services/FreeRTOS/Source/portable/MemMang/heap_4.o
                                       0xc68e (size before relaxing)
 .debug_str     0x0000000000014443       0x6a Src/main.o
                                       0xc6db (size before relaxing)
 .debug_str     0x00000000000144ad       0x31 Startup/startup_stm32f303retx.o
                                         0x5f (size before relaxing)

.comment        0x0000000000000000       0x7b
 .comment       0x0000000000000000       0x7b Src/Application/App_Task/App_Task.o
                                         0x7c (size before relaxing)
 .comment       0x000000000000007b       0x7c Src/Application/UltraSonic_Task/UltraSonic_Task.o
 .comment       0x000000000000007b       0x7c Src/Application/motor/Motor_Task.o
 .comment       0x000000000000007b       0x7c Src/HAL/LED/led.o
 .comment       0x000000000000007b       0x7c Src/HAL/Motor/src/motor.o
 .comment       0x000000000000007b       0x7c Src/HAL/UltraSonic/Src/ultrasonic.o
 .comment       0x000000000000007b       0x7c Src/MCAL/DMA/dma.o
 .comment       0x000000000000007b       0x7c Src/MCAL/ICU/Src/icu.o
 .comment       0x000000000000007b       0x7c Src/MCAL/PWM/Src/pwm.o
 .comment       0x000000000000007b       0x7c Src/MCAL/Tim6/TIM6.o
 .comment       0x000000000000007b       0x7c Src/MCAL/dio/src/dio.o
 .comment       0x000000000000007b       0x7c Src/MCAL/rcc/src/rcc.o
 .comment       0x000000000000007b       0x7c Src/Services/FreeRTOS/Source/list.o
 .comment       0x000000000000007b       0x7c Src/Services/FreeRTOS/Source/queue.o
 .comment       0x000000000000007b       0x7c Src/Services/FreeRTOS/Source/tasks.o
 .comment       0x000000000000007b       0x7c Src/Services/FreeRTOS/Source/timers.o
 .comment       0x000000000000007b       0x7c Src/Services/FreeRTOS/Source/portable/GCC/ARM_CM4F/port.o
 .comment       0x000000000000007b       0x7c Src/Services/FreeRTOS/Source/portable/MemMang/heap_4.o
 .comment       0x000000000000007b       0x7c Src/main.o

.debug_frame    0x0000000000000000     0x1bbc
 .debug_frame   0x0000000000000000       0xa4 Src/Application/App_Task/App_Task.o
 .debug_frame   0x00000000000000a4      0x270 Src/Application/UltraSonic_Task/UltraSonic_Task.o
 .debug_frame   0x0000000000000314      0x110 Src/Application/motor/Motor_Task.o
 .debug_frame   0x0000000000000424       0x64 Src/HAL/LED/led.o
 .debug_frame   0x0000000000000488       0x58 Src/HAL/Motor/src/motor.o
 .debug_frame   0x00000000000004e0       0x80 Src/HAL/UltraSonic/Src/ultrasonic.o
 .debug_frame   0x0000000000000560       0x38 Src/MCAL/DMA/dma.o
 .debug_frame   0x0000000000000598      0x158 Src/MCAL/ICU/Src/icu.o
 .debug_frame   0x00000000000006f0       0xb8 Src/MCAL/PWM/Src/pwm.o
 .debug_frame   0x00000000000007a8       0x60 Src/MCAL/Tim6/TIM6.o
 .debug_frame   0x0000000000000808      0x100 Src/MCAL/dio/src/dio.o
 .debug_frame   0x0000000000000908       0x88 Src/MCAL/rcc/src/rcc.o
 .debug_frame   0x0000000000000990       0xd8 Src/Services/FreeRTOS/Source/list.o
 .debug_frame   0x0000000000000a68      0x3d0 Src/Services/FreeRTOS/Source/queue.o
 .debug_frame   0x0000000000000e38      0x654 Src/Services/FreeRTOS/Source/tasks.o
 .debug_frame   0x000000000000148c      0x378 Src/Services/FreeRTOS/Source/timers.o
 .debug_frame   0x0000000000001804      0x1a8 Src/Services/FreeRTOS/Source/portable/GCC/ARM_CM4F/port.o
 .debug_frame   0x00000000000019ac      0x150 Src/Services/FreeRTOS/Source/portable/MemMang/heap_4.o
 .debug_frame   0x0000000000001afc       0x4c Src/main.o
 .debug_frame   0x0000000000001b48       0x2c c:/st/stm32cubeide_1.4.0/stm32cubeide/plugins/com.st.stm32cube.ide.mcu.externaltools.gnu-tools-for-stm32.7-2018-q2-update.win32_1.4.0.202007081208/tools/bin/../lib/gcc/arm-none-eabi/7.3.1/../../../../arm-none-eabi/lib/thumb/v7e-m/fpv4-sp/hard\libc_nano.a(lib_a-init.o)
 .debug_frame   0x0000000000001b74       0x28 c:/st/stm32cubeide_1.4.0/stm32cubeide/plugins/com.st.stm32cube.ide.mcu.externaltools.gnu-tools-for-stm32.7-2018-q2-update.win32_1.4.0.202007081208/tools/bin/../lib/gcc/arm-none-eabi/7.3.1/../../../../arm-none-eabi/lib/thumb/v7e-m/fpv4-sp/hard\libc_nano.a(lib_a-memcpy-stub.o)
 .debug_frame   0x0000000000001b9c       0x20 c:/st/stm32cubeide_1.4.0/stm32cubeide/plugins/com.st.stm32cube.ide.mcu.externaltools.gnu-tools-for-stm32.7-2018-q2-update.win32_1.4.0.202007081208/tools/bin/../lib/gcc/arm-none-eabi/7.3.1/../../../../arm-none-eabi/lib/thumb/v7e-m/fpv4-sp/hard\libc_nano.a(lib_a-memset.o)
