UltraSonic_Task.c:74:13:channel_1_Trigger	8	static
UltraSonic_Task.c:79:13:channel_1_Read	24	static
UltraSonic_Task.c:97:13:channel_2_Trigger	8	static
UltraSonic_Task.c:102:13:channel_2_Read	24	static
UltraSonic_Task.c:121:13:channel_3_Trigger	8	static
UltraSonic_Task.c:126:13:channel_3_Read	24	static
UltraSonic_Task.c:145:13:channel_4_Trigger	8	static
UltraSonic_Task.c:150:13:channel_4_Read	24	static
UltraSonic_Task.c:168:13:channel_5_Trigger	8	static
UltraSonic_Task.c:173:13:channel_5_Read	24	static
UltraSonic_Task.c:191:13:channel_6_Trigger	8	static
UltraSonic_Task.c:196:13:channel_6_Read	24	static
UltraSonic_Task.c:215:13:Channel_1_MainFunction	8	static
UltraSonic_Task.c:223:13:Channel_2_MainFunction	8	static
UltraSonic_Task.c:230:13:Channel_3_MainFunction	8	static
UltraSonic_Task.c:237:13:Channel_4_MainFunction	8	static
UltraSonic_Task.c:244:13:Channel_5_MainFunction	8	static
UltraSonic_Task.c:251:13:Channel_6_MainFunction	8	static
UltraSonic_Task.c:262:6:UltraSonic_Read_Task	16	static
